[     818ms] [INFO] %cDownload the React DevTools for a better development experience: https://react.dev/link/react-devtools font-weight:bold @ http://localhost:3002/_next/static/chunks/node_modules_next_dist_115brz8._.js:2477
[     874ms] [LOG] [HMR] connected @ http://localhost:3002/_next/static/chunks/node_modules_next_dist_115brz8._.js:2477
[    1292ms] [LOG] [Fast Refresh] rebuilding @ http://localhost:3002/_next/static/chunks/node_modules_next_dist_115brz8._.js:2477
[    1461ms] [ERROR] ./app/api/votes/route.ts:2:1
Module not found: Can't resolve '@upstash/ratelimit'
  1 | import { NextRequest, NextResponse } from 'next/server';
> 2 | import { Ratelimit } from '@upstash/ratelimit';
    | ^^^^^^^^^^^^^^^^^^^^^^^^^^^^^^^^^^^^^^^^^^^^^^^
  3 | import { redis, secondsUntilPragueMidnight, todayKey } from '@/lib/redis';
  4 | import { slugify } from '@/lib/slug';
  5 | import { getMenus } from '@/lib/menu';

https://nextjs.org/docs/messages/module-not-found @ http://localhost:3002/_next/static/chunks/node_modules_next_dist_115brz8._.js:3318
[    1461ms] [ERROR] ./lib/redis.ts:1:1
Module not found: Can't resolve '@upstash/redis'
> 1 | import { Redis } from '@upstash/redis';
    | ^^^^^^^^^^^^^^^^^^^^^^^^^^^^^^^^^^^^^^^
  2 |
  3 | export const redis = new Redis({
  4 |   url: process.env.KV_REST_API_URL ?? process.env.UPSTASH_REDIS_REST_URL!,

Import trace:
  App Route:
    ./lib/redis.ts
    ./app/api/votes/route.ts

https://nextjs.org/docs/messages/module-not-found @ http://localhost:3002/_next/static/chunks/node_modules_next_dist_115brz8._.js:3318
[    1563ms] [LOG] [Fast Refresh] rebuilding @ http://localhost:3002/_next/static/chunks/node_modules_next_dist_115brz8._.js:2477
[    1821ms] [ERROR] ./app/api/votes/route.ts:2:1
Module not found: Can't resolve '@upstash/ratelimit'
  1 | import { NextRequest, NextResponse } from 'next/server';
> 2 | import { Ratelimit } from '@upstash/ratelimit';
    | ^^^^^^^^^^^^^^^^^^^^^^^^^^^^^^^^^^^^^^^^^^^^^^^
  3 | import { redis, secondsUntilPragueMidnight, todayKey } from '@/lib/redis';
  4 | import { slugify } from '@/lib/slug';
  5 | import { getMenus } from '@/lib/menu';

https://nextjs.org/docs/messages/module-not-found @ http://localhost:3002/_next/static/chunks/node_modules_next_dist_115brz8._.js:3318
[    1821ms] [ERROR] ./lib/redis.ts:1:1
Module not found: Can't resolve '@upstash/redis'
> 1 | import { Redis } from '@upstash/redis';
    | ^^^^^^^^^^^^^^^^^^^^^^^^^^^^^^^^^^^^^^^
  2 |
  3 | export const redis = new Redis({
  4 |   url: process.env.KV_REST_API_URL ?? process.env.UPSTASH_REDIS_REST_URL!,

Import trace:
  App Route:
    ./lib/redis.ts
    ./app/api/votes/route.ts

https://nextjs.org/docs/messages/module-not-found @ http://localhost:3002/_next/static/chunks/node_modules_next_dist_115brz8._.js:3318
[    1877ms] [ERROR] ./app/api/votes/route.ts:2:1
Module not found: Can't resolve '@upstash/ratelimit'
  1 | import { NextRequest, NextResponse } from 'next/server';
> 2 | import { Ratelimit } from '@upstash/ratelimit';
    | ^^^^^^^^^^^^^^^^^^^^^^^^^^^^^^^^^^^^^^^^^^^^^^^
  3 | import { redis, secondsUntilPragueMidnight, todayKey } from '@/lib/redis';
  4 | import { slugify } from '@/lib/slug';
  5 | import { getMenus } from '@/lib/menu';

https://nextjs.org/docs/messages/module-not-found @ http://localhost:3002/_next/static/chunks/node_modules_next_dist_115brz8._.js:3318
[    1877ms] [ERROR] ./lib/redis.ts:1:1
Module not found: Can't resolve '@upstash/redis'
> 1 | import { Redis } from '@upstash/redis';
    | ^^^^^^^^^^^^^^^^^^^^^^^^^^^^^^^^^^^^^^^
  2 |
  3 | export const redis = new Redis({
  4 |   url: process.env.KV_REST_API_URL ?? process.env.UPSTASH_REDIS_REST_URL!,

Import trace:
  App Route:
    ./lib/redis.ts
    ./app/api/votes/route.ts

https://nextjs.org/docs/messages/module-not-found @ http://localhost:3002/_next/static/chunks/node_modules_next_dist_115brz8._.js:3318
[    1978ms] [LOG] [Fast Refresh] rebuilding @ http://localhost:3002/_next/static/chunks/node_modules_next_dist_115brz8._.js:2477
[    2124ms] [ERROR] ./app/api/votes/route.ts:2:1
Module not found: Can't resolve '@upstash/ratelimit'
  1 | import { NextRequest, NextResponse } from 'next/server';
> 2 | import { Ratelimit } from '@upstash/ratelimit';
    | ^^^^^^^^^^^^^^^^^^^^^^^^^^^^^^^^^^^^^^^^^^^^^^^
  3 | import { redis, secondsUntilPragueMidnight, todayKey } from '@/lib/redis';
  4 | import { slugify } from '@/lib/slug';
  5 | import { getMenus } from '@/lib/menu';

https://nextjs.org/docs/messages/module-not-found @ http://localhost:3002/_next/static/chunks/node_modules_next_dist_115brz8._.js:3318
[    2124ms] [ERROR] ./lib/redis.ts:1:1
Module not found: Can't resolve '@upstash/redis'
> 1 | import { Redis } from '@upstash/redis';
    | ^^^^^^^^^^^^^^^^^^^^^^^^^^^^^^^^^^^^^^^
  2 |
  3 | export const redis = new Redis({
  4 |   url: process.env.KV_REST_API_URL ?? process.env.UPSTASH_REDIS_REST_URL!,

Import trace:
  App Route:
    ./lib/redis.ts
    ./app/api/votes/route.ts

https://nextjs.org/docs/messages/module-not-found @ http://localhost:3002/_next/static/chunks/node_modules_next_dist_115brz8._.js:3318
[    2218ms] [ERROR] Failed to load resource: the server responded with a status of 500 (Internal Server Error) @ http://localhost:3002/api/votes:0
[   11186ms] [ERROR] Failed to load resource: the server responded with a status of 500 (Internal Server Error) @ http://localhost:3002/api/votes:0
[   11213ms] [ERROR] ./app/api/votes/route.ts:2:1
Module not found: Can't resolve '@upstash/ratelimit'
  1 | import { NextRequest, NextResponse } from 'next/server';
> 2 | import { Ratelimit } from '@upstash/ratelimit';
    | ^^^^^^^^^^^^^^^^^^^^^^^^^^^^^^^^^^^^^^^^^^^^^^^
  3 | import { redis, secondsUntilPragueMidnight, todayKey } from '@/lib/redis';
  4 | import { slugify } from '@/lib/slug';
  5 | import { getMenus } from '@/lib/menu';

https://nextjs.org/docs/messages/module-not-found @ http://localhost:3002/_next/static/chunks/node_modules_next_dist_115brz8._.js:3318
[   11213ms] [ERROR] ./lib/redis.ts:1:1
Module not found: Can't resolve '@upstash/redis'
> 1 | import { Redis } from '@upstash/redis';
    | ^^^^^^^^^^^^^^^^^^^^^^^^^^^^^^^^^^^^^^^
  2 |
  3 | export const redis = new Redis({
  4 |   url: process.env.KV_REST_API_URL ?? process.env.UPSTASH_REDIS_REST_URL!,

Import trace:
  App Route:
    ./lib/redis.ts
    ./app/api/votes/route.ts

https://nextjs.org/docs/messages/module-not-found @ http://localhost:3002/_next/static/chunks/node_modules_next_dist_115brz8._.js:3318
[   11278ms] [LOG] [Fast Refresh] rebuilding @ http://localhost:3002/_next/static/chunks/node_modules_next_dist_115brz8._.js:2477
[   17599ms] [ERROR] ./app/api/votes/route.ts:2:1
Module not found: Can't resolve '@upstash/ratelimit'
  1 | import { NextRequest, NextResponse } from 'next/server';
> 2 | import { Ratelimit } from '@upstash/ratelimit';
    | ^^^^^^^^^^^^^^^^^^^^^^^^^^^^^^^^^^^^^^^^^^^^^^^
  3 | import { redis, secondsUntilPragueMidnight, todayKey } from '@/lib/redis';
  4 | import { slugify } from '@/lib/slug';
  5 | import { getMenus } from '@/lib/menu';

https://nextjs.org/docs/messages/module-not-found @ http://localhost:3002/_next/static/chunks/node_modules_next_dist_115brz8._.js:3318
[   17599ms] [ERROR] ./lib/redis.ts:1:1
Module not found: Can't resolve '@upstash/redis'
> 1 | import { Redis } from '@upstash/redis';
    | ^^^^^^^^^^^^^^^^^^^^^^^^^^^^^^^^^^^^^^^
  2 |
  3 | export const redis = new Redis({
  4 |   url: process.env.KV_REST_API_URL ?? process.env.UPSTASH_REDIS_REST_URL!,

Import trace:
  App Route:
    ./lib/redis.ts
    ./app/api/votes/route.ts

https://nextjs.org/docs/messages/module-not-found @ http://localhost:3002/_next/static/chunks/node_modules_next_dist_115brz8._.js:3318
[   17671ms] [LOG] [Fast Refresh] rebuilding @ http://localhost:3002/_next/static/chunks/node_modules_next_dist_115brz8._.js:2477
[   17701ms] [ERROR] Failed to load resource: the server responded with a status of 500 (Internal Server Error) @ http://localhost:3002/?_rsc=q3mOO9BClNZHexY7:0
[   17713ms] [ERROR] Failed to load resource: the server responded with a status of 500 (Internal Server Error) @ http://localhost:3002/?_rsc=q3mOO9BClNZHexY7:0
[   17739ms] [ERROR] Failed to load resource: the server responded with a status of 500 (Internal Server Error) @ http://localhost:3002/?_rsc=q3mOO9BClNZHexY7:0
[   17768ms] [ERROR] Failed to load resource: the server responded with a status of 500 (Internal Server Error) @ http://localhost:3002/?_rsc=q3mOO9BClNZHexY7:0
[   17786ms] [ERROR] ./app/api/votes/route.ts:2:1
Module not found: Can't resolve '@upstash/ratelimit'
  1 | import { NextRequest, NextResponse } from 'next/server';
> 2 | import { Ratelimit } from '@upstash/ratelimit';
    | ^^^^^^^^^^^^^^^^^^^^^^^^^^^^^^^^^^^^^^^^^^^^^^^
  3 | import { redis, secondsUntilPragueMidnight, todayKey } from '@/lib/redis';
  4 | import { slugify } from '@/lib/slug';
  5 | import { getMenus } from '@/lib/menu';

https://nextjs.org/docs/messages/module-not-found @ http://localhost:3002/_next/static/chunks/node_modules_next_dist_115brz8._.js:3318
[   17786ms] [ERROR] ./lib/redis.ts:1:1
Module not found: Can't resolve '@upstash/redis'
> 1 | import { Redis } from '@upstash/redis';
    | ^^^^^^^^^^^^^^^^^^^^^^^^^^^^^^^^^^^^^^^
  2 |
  3 | export const redis = new Redis({
  4 |   url: process.env.KV_REST_API_URL ?? process.env.UPSTASH_REDIS_REST_URL!,

Import trace:
  App Route:
    ./lib/redis.ts
    ./app/api/votes/route.ts

https://nextjs.org/docs/messages/module-not-found @ http://localhost:3002/_next/static/chunks/node_modules_next_dist_115brz8._.js:3318
[   17820ms] [ERROR] Failed to load resource: the server responded with a status of 500 (Internal Server Error) @ http://localhost:3002/:0
[   17935ms] [INFO] %cDownload the React DevTools for a better development experience: https://react.dev/link/react-devtools font-weight:bold @ http://localhost:3002/_next/static/chunks/node_modules_react-dom_0bruynb._.js:15305
[   17984ms] Error: ./app/api/votes/route.ts:2:1
Module not found: Can't resolve '@upstash/ratelimit'
  1 | import { NextRequest, NextResponse } from 'next/server';
> 2 | import { Ratelimit } from '@upstash/ratelimit';
    | ^^^^^^^^^^^^^^^^^^^^^^^^^^^^^^^^^^^^^^^^^^^^^^^
  3 | import { redis, secondsUntilPragueMidnight, todayKey } from '@/lib/redis';
  4 | import { slugify } from '@/lib/slug';
  5 | import { getMenus } from '@/lib/menu';



https://nextjs.org/docs/messages/module-not-found


    at <unknown> (Error: ./app/api/votes/route.ts:2:1)
    at <unknown> (https://nextjs.org/docs/messages/module-not-found)
    at Object.getCompilationErrors (file:///Users/andrej/home-tools/docs/workshop/menu-picker/node_modules/next/dist/server/dev/hot-reloader-turbopack.js:1186:59)
    at DevBundlerService.getCompilationError (file:///Users/andrej/home-tools/docs/workshop/menu-picker/node_modules/next/dist/server/lib/dev-bundler-service.js:44:55)
    at DevServer.getCompilationError (file:///Users/andrej/home-tools/docs/workshop/menu-picker/node_modules/next/dist/server/dev/next-dev-server.js:720:42)
    at DevServer.findPageComponents (file:///Users/andrej/home-tools/docs/workshop/menu-picker/node_modules/next/dist/server/dev/next-dev-server.js:690:43)
    at async DevServer.renderErrorToResponseImpl (file:///Users/andrej/home-tools/docs/workshop/menu-picker/node_modules/next/dist/server/base-server.js:1753:26)
[   17984ms] [LOG] [HMR] connected @ http://localhost:3002/_next/static/chunks/node_modules_next_dist_0u_w_5s._.js:1226
[   17987ms] [ERROR] ./app/api/votes/route.ts:2:1
Module not found: Can't resolve '@upstash/ratelimit'
  1 | import { NextRequest, NextResponse } from 'next/server';
> 2 | import { Ratelimit } from '@upstash/ratelimit';
    | ^^^^^^^^^^^^^^^^^^^^^^^^^^^^^^^^^^^^^^^^^^^^^^^
  3 | import { redis, secondsUntilPragueMidnight, todayKey } from '@/lib/redis';
  4 | import { slugify } from '@/lib/slug';
  5 | import { getMenus } from '@/lib/menu';

https://nextjs.org/docs/messages/module-not-found @ http://localhost:3002/_next/static/chunks/node_modules_next_dist_0u_w_5s._.js:1945
[   17987ms] [ERROR] ./lib/redis.ts:1:1
Module not found: Can't resolve '@upstash/redis'
> 1 | import { Redis } from '@upstash/redis';
    | ^^^^^^^^^^^^^^^^^^^^^^^^^^^^^^^^^^^^^^^
  2 |
  3 | export const redis = new Redis({
  4 |   url: process.env.KV_REST_API_URL ?? process.env.UPSTASH_REDIS_REST_URL!,

Import trace:
  App Route:
    ./lib/redis.ts
    ./app/api/votes/route.ts

https://nextjs.org/docs/messages/module-not-found @ http://localhost:3002/_next/static/chunks/node_modules_next_dist_0u_w_5s._.js:1945
[   18031ms] [ERROR] Failed to load resource: the server responded with a status of 404 (Not Found) @ http://localhost:3002/favicon.ico:0
[   18034ms] [ERROR] ./app/api/votes/route.ts:2:1
Module not found: Can't resolve '@upstash/ratelimit'
  1 | import { NextRequest, NextResponse } from 'next/server';
> 2 | import { Ratelimit } from '@upstash/ratelimit';
    | ^^^^^^^^^^^^^^^^^^^^^^^^^^^^^^^^^^^^^^^^^^^^^^^
  3 | import { redis, secondsUntilPragueMidnight, todayKey } from '@/lib/redis';
  4 | import { slugify } from '@/lib/slug';
  5 | import { getMenus } from '@/lib/menu';

https://nextjs.org/docs/messages/module-not-found @ http://localhost:3002/_next/static/chunks/node_modules_next_dist_0u_w_5s._.js:1945
[   18034ms] [ERROR] ./lib/redis.ts:1:1
Module not found: Can't resolve '@upstash/redis'
> 1 | import { Redis } from '@upstash/redis';
    | ^^^^^^^^^^^^^^^^^^^^^^^^^^^^^^^^^^^^^^^
  2 |
  3 | export const redis = new Redis({
  4 |   url: process.env.KV_REST_API_URL ?? process.env.UPSTASH_REDIS_REST_URL!,

Import trace:
  App Route:
    ./lib/redis.ts
    ./app/api/votes/route.ts

https://nextjs.org/docs/messages/module-not-found @ http://localhost:3002/_next/static/chunks/node_modules_next_dist_0u_w_5s._.js:1945
[   18073ms] [ERROR] ./app/api/votes/route.ts:2:1
Module not found: Can't resolve '@upstash/ratelimit'
  1 | import { NextRequest, NextResponse } from 'next/server';
> 2 | import { Ratelimit } from '@upstash/ratelimit';
    | ^^^^^^^^^^^^^^^^^^^^^^^^^^^^^^^^^^^^^^^^^^^^^^^
  3 | import { redis, secondsUntilPragueMidnight, todayKey } from '@/lib/redis';
  4 | import { slugify } from '@/lib/slug';
  5 | import { getMenus } from '@/lib/menu';

https://nextjs.org/docs/messages/module-not-found @ http://localhost:3002/_next/static/chunks/node_modules_next_dist_0u_w_5s._.js:1945
[   18074ms] [ERROR] ./lib/redis.ts:1:1
Module not found: Can't resolve '@upstash/redis'
> 1 | import { Redis } from '@upstash/redis';
    | ^^^^^^^^^^^^^^^^^^^^^^^^^^^^^^^^^^^^^^^
  2 |
  3 | export const redis = new Redis({
  4 |   url: process.env.KV_REST_API_URL ?? process.env.UPSTASH_REDIS_REST_URL!,

Import trace:
  App Route:
    ./lib/redis.ts
    ./app/api/votes/route.ts

https://nextjs.org/docs/messages/module-not-found @ http://localhost:3002/_next/static/chunks/node_modules_next_dist_0u_w_5s._.js:1945
[   18135ms] [LOG] [Fast Refresh] rebuilding @ http://localhost:3002/_next/static/chunks/node_modules_next_dist_0u_w_5s._.js:1226
[   26865ms] [ERROR] Failed to load resource: the server responded with a status of 500 (Internal Server Error) @ http://localhost:3002/:0
[   26882ms] [INFO] %cDownload the React DevTools for a better development experience: https://react.dev/link/react-devtools font-weight:bold @ http://localhost:3002/_next/static/chunks/node_modules_react-dom_0bruynb._.js:15305
[   26894ms] Error: ./app/api/votes/route.ts:2:1
Module not found: Can't resolve '@upstash/ratelimit'
  1 | import { NextRequest, NextResponse } from 'next/server';
> 2 | import { Ratelimit } from '@upstash/ratelimit';
    | ^^^^^^^^^^^^^^^^^^^^^^^^^^^^^^^^^^^^^^^^^^^^^^^
  3 | import { redis, secondsUntilPragueMidnight, todayKey } from '@/lib/redis';
  4 | import { slugify } from '@/lib/slug';
  5 | import { getMenus } from '@/lib/menu';



https://nextjs.org/docs/messages/module-not-found


    at <unknown> (Error: ./app/api/votes/route.ts:2:1)
    at <unknown> (https://nextjs.org/docs/messages/module-not-found)
    at Object.getCompilationErrors (file:///Users/andrej/home-tools/docs/workshop/menu-picker/node_modules/next/dist/server/dev/hot-reloader-turbopack.js:1186:59)
    at DevBundlerService.getCompilationError (file:///Users/andrej/home-tools/docs/workshop/menu-picker/node_modules/next/dist/server/lib/dev-bundler-service.js:44:55)
    at DevServer.getCompilationError (file:///Users/andrej/home-tools/docs/workshop/menu-picker/node_modules/next/dist/server/dev/next-dev-server.js:720:42)
    at DevServer.findPageComponents (file:///Users/andrej/home-tools/docs/workshop/menu-picker/node_modules/next/dist/server/dev/next-dev-server.js:690:43)
    at async DevServer.renderErrorToResponseImpl (file:///Users/andrej/home-tools/docs/workshop/menu-picker/node_modules/next/dist/server/base-server.js:1753:26)
[   26892ms] [LOG] [HMR] connected @ http://localhost:3002/_next/static/chunks/node_modules_next_dist_0u_w_5s._.js:1226
[   26894ms] [ERROR] ./app/api/votes/route.ts:2:1
Module not found: Can't resolve '@upstash/ratelimit'
  1 | import { NextRequest, NextResponse } from 'next/server';
> 2 | import { Ratelimit } from '@upstash/ratelimit';
    | ^^^^^^^^^^^^^^^^^^^^^^^^^^^^^^^^^^^^^^^^^^^^^^^
  3 | import { redis, secondsUntilPragueMidnight, todayKey } from '@/lib/redis';
  4 | import { slugify } from '@/lib/slug';
  5 | import { getMenus } from '@/lib/menu';

https://nextjs.org/docs/messages/module-not-found @ http://localhost:3002/_next/static/chunks/node_modules_next_dist_0u_w_5s._.js:1945
[   26894ms] [ERROR] ./lib/redis.ts:1:1
Module not found: Can't resolve '@upstash/redis'
> 1 | import { Redis } from '@upstash/redis';
    | ^^^^^^^^^^^^^^^^^^^^^^^^^^^^^^^^^^^^^^^
  2 |
  3 | export const redis = new Redis({
  4 |   url: process.env.KV_REST_API_URL ?? process.env.UPSTASH_REDIS_REST_URL!,

Import trace:
  App Route:
    ./lib/redis.ts
    ./app/api/votes/route.ts

https://nextjs.org/docs/messages/module-not-found @ http://localhost:3002/_next/static/chunks/node_modules_next_dist_0u_w_5s._.js:1945
[   26926ms] [ERROR] ./app/api/votes/route.ts:2:1
Module not found: Can't resolve '@upstash/ratelimit'
  1 | import { NextRequest, NextResponse } from 'next/server';
> 2 | import { Ratelimit } from '@upstash/ratelimit';
    | ^^^^^^^^^^^^^^^^^^^^^^^^^^^^^^^^^^^^^^^^^^^^^^^
  3 | import { redis, secondsUntilPragueMidnight, todayKey } from '@/lib/redis';
  4 | import { slugify } from '@/lib/slug';
  5 | import { getMenus } from '@/lib/menu';

https://nextjs.org/docs/messages/module-not-found @ http://localhost:3002/_next/static/chunks/node_modules_next_dist_0u_w_5s._.js:1945
[   26926ms] [ERROR] ./lib/redis.ts:1:1
Module not found: Can't resolve '@upstash/redis'
> 1 | import { Redis } from '@upstash/redis';
    | ^^^^^^^^^^^^^^^^^^^^^^^^^^^^^^^^^^^^^^^
  2 |
  3 | export const redis = new Redis({
  4 |   url: process.env.KV_REST_API_URL ?? process.env.UPSTASH_REDIS_REST_URL!,

Import trace:
  App Route:
    ./lib/redis.ts
    ./app/api/votes/route.ts

https://nextjs.org/docs/messages/module-not-found @ http://localhost:3002/_next/static/chunks/node_modules_next_dist_0u_w_5s._.js:1945
[   26995ms] [LOG] [Fast Refresh] rebuilding @ http://localhost:3002/_next/static/chunks/node_modules_next_dist_0u_w_5s._.js:1226
[   51892ms] [ERROR] WebSocket connection to 'ws://localhost:3002/_next/webpack-hmr' failed: Error in connection establishment: net::ERR_CONNECTION_REFUSED @ http://localhost:3002/_next/static/chunks/node_modules_next_dist_client_0pe1dg-._.js:2343
[   53335ms] [LOG] [HMR] connected @ http://localhost:3002/_next/static/chunks/node_modules_next_dist_0u_w_5s._.js:1226
[   53865ms] [INFO] %cDownload the React DevTools for a better development experience: https://react.dev/link/react-devtools font-weight:bold @ http://localhost:3002/_next/static/chunks/node_modules_next_dist_115brz8._.js:2477
[   53927ms] [LOG] [HMR] connected @ http://localhost:3002/_next/static/chunks/node_modules_next_dist_115brz8._.js:2477
[   60360ms] [INFO] %cDownload the React DevTools for a better development experience: https://react.dev/link/react-devtools font-weight:bold @ http://localhost:3002/_next/static/chunks/node_modules_next_dist_115brz8._.js:2477
[   60372ms] [LOG] [HMR] connected @ http://localhost:3002/_next/static/chunks/node_modules_next_dist_115brz8._.js:2477
[  279652ms] [LOG] [Fast Refresh] rebuilding @ http://localhost:3002/_next/static/chunks/node_modules_next_dist_115brz8._.js:2477
[  280888ms] [LOG] [Fast Refresh] done in 1337ms @ http://localhost:3002/_next/static/chunks/node_modules_next_dist_115brz8._.js:2477
